#-----------------------------------------------------------
# Vivado v2022.1 (64-bit)
# SW Build 3526262 on Mon Apr 18 15:48:16 MDT 2022
# IP Build 3524634 on Mon Apr 18 20:55:01 MDT 2022
# Start of session at: Mon Dec 23 16:57:27 2024
# Process ID: 17792
# Current directory: C:/HealthMonitorSystem/BlockDesign/Hardware_BlockDesign
# Command line: vivado.exe -gui_launcher_event rodinguilauncherevent928 C:\HealthMonitorSystem\BlockDesign\Hardware_BlockDesign\Hardware_BlockDesign.xpr
# Log file: C:/HealthMonitorSystem/BlockDesign/Hardware_BlockDesign/vivado.log
# Journal file: C:/HealthMonitorSystem/BlockDesign/Hardware_BlockDesign\vivado.jou
# Running On: HSHL2NBIBL050, OS: Windows, CPU Frequency: 1805 MHz, CPU Physical cores: 4, Host memory: 16893 MB
#-----------------------------------------------------------
start_gui
open_project C:/HealthMonitorSystem/BlockDesign/Hardware_BlockDesign/Hardware_BlockDesign.xpr
update_compile_order -fileset sources_1
open_bd_design {C:/HealthMonitorSystem/BlockDesign/Hardware_BlockDesign/Hardware_BlockDesign.srcs/sources_1/bd/Hardware_final/Hardware_final.bd}
open_bd_design {C:/HealthMonitorSystem/BlockDesign/Hardware_BlockDesign/Hardware_BlockDesign.srcs/sources_1/bd/Hardware_final/Hardware_final.bd}
